 gcc -g p4original.c
îº§ gdb a.out
GNU gdb (Ubuntu 8.1.1-0ubuntu1) 8.1.1
Copyright (C) 2018 Free Software Foundation, Inc.
License GPLv3+: GNU GPL version 3 or later <http://gnu.org/licenses/gpl.html>
This is free software: you are free to change and redistribute it.
There is NO WARRANTY, to the extent permitted by law.  Type "show copying"
and "show warranty" for details.
This GDB was configured as "x86_64-linux-gnu".
Type "show configuration" for configuration details.
For bug reporting instructions, please see:
<http://www.gnu.org/software/gdb/bugs/>.
Find the GDB manual and other documentation resources online at:
<http://www.gnu.org/software/gdb/documentation/>.
For help, type "help".
Type "apropos word" to search for commands related to "word"...
Reading symbols from a.out...done.
(gdb) b main
Breakpoint 1 at 0x8ab: file p4original.c, line 40.
(gdb) r
Starting program: /home/runner/pps-IA1-practice/a.out 
warning: Error disabling address space randomization: Operation not permitted

Breakpoint 1, main () at p4original.c:40
40  {
(gdb) n
42    n=input();
(gdb) s
input () at p4original.c:3
3   {
(gdb) n
5     printf("enter no. of inputs");
(gdb) n
6     scanf("%d",&n);
(gdb) n
enter no. of inputs
3
7     return n;
(gdb) n
9   }
(gdb) n
main () at p4original.c:43
43    int a[n];
(gdb) n
44    inputarray(n,a);
(gdb) n
enter no.s: 1
enter no.s: 7
enter no.s: 11
45    sum=sumaray(n,a);
(gdb) n
46    output(n,a,sum);
(gdb) n
1711 is 19
47    return 0;
(gdb) n
48  }
(gdb) c
Continuing.
[Inferior 1 (process 181) exited normally]
(gdb)